[kamuinet.com/ENG/index.html]
[backblue.gif]
[fade.gif]
[index.html]
[kamuinet.com/ENG/css/bootstrap.min.css]
[kamuinet.com/ENG/css/bootstrap-theme.min.css]
[kamuinet.com/ENG/css/main.css]
[kamuinet.com/ENG/js/vendor/modernizr-2.8.3-respond-1.4.2.min.js]
[kamuinet.com/ENG/html/content.html]
[ajax.googleapis.com/ajax/libs/jquery/1.11.2/jquery.min.js]
[kamuinet.com/ENG/js/vendor/bootstrap.min.js]
[kamuinet.com/ENG/js/main.js]
[www.google-analytics.com/analytics.js]
[kamuinet.com/ENG/index.html]
[kamuinet.com/ENG/apple-touch-icon.html]
[kamuinet.com/ENG/js/vendor/jquery-1.11.2.min.js]
[kamuinet.com/ENG/fonts/glyphicons-halflings-regular.eot]
[kamuinet.com/ENG/fonts/glyphicons-halflings-regular.woff]
[kamuinet.com/ENG/fonts/glyphicons-halflings-regulard41d.eot]
[kamuinet.com/ENG/css/bootstrap.min.css]
[kamuinet.com/ENG/css/bootstrap-theme.min.css]
[kamuinet.com/ENG/fonts/glyphicons-halflings-regular.svg]
[kamuinet.com/ENG/fonts/glyphicons-halflings-regular.ttf]
[kamuinet.com/ENG/img/pBG.png]
[kamuinet.com/ENG/css/main.css]
[kamuinet.com/ENG/img/kamuiPicSmall.png]
[kamuinet.com/ENG/img/subcontentBG.jpg]
[kamuinet.com/ENG/img/menuArrow.png]
[kamuinet.com/ENG/html/history.html]
[kamuinet.com/ENG/html/profile.html]
[kamuinet.com/ENG/html/sayings.html]
[kamuinet.com/ENG/html/kamuichat.html]
[kamuinet.com/ENG/html/videos.html]
[kamuinet.com/ENG/img/kamuiNet.png]
[kamuinet.com/ENG/img/logo_silvercase.png]
[kamuinet.com/ENG/html/content.html]
[kamuinet.com/ENG/fonts/glyphicons-halflings-regular.svg]
[kamuinet.com/ENG/img/contentBG.jpg]
[kamuinet.com/ENG/img/kamuiEye.png]
[kamuinet.com/ENG/img/enterBG.jpg]
[kamuinet.com/ENG/html/apple-touch-icon.html]
[kamuinet.com/ENG/img/lineLight.png]
[kamuinet.com/ENG/html/history.html]
[kamuinet.com/ENG/html/profile.html]
[kamuinet.com/ENG/html/sayings.html]
[kamuinet.com/ENG/html/kamuichat.html]
[kamuinet.com/ENG/gallery/02.png]
[kamuinet.com/ENG/gallery/01.png]
[kamuinet.com/ENG/img/kamuiPic.png]
[kamuinet.com/ENG/gallery/03.png]
[kamuinet.com/ENG/gallery/04.png]
[kamuinet.com/ENG/gallery/02.mp4]
[kamuinet.com/ENG/gallery/05.png]
[kamuinet.com/ENG/gallery/06.png]
[kamuinet.com/ENG/gallery/07.png]
[kamuinet.com/ENG/gallery/06.mp4]
[kamuinet.com/ENG/gallery/08.png]
[kamuinet.com/ENG/gallery/09.png]
[kamuinet.com/ENG/gallery/03.mp4]
[kamuinet.com/ENG/gallery/10.png]
[kamuinet.com/ENG/gallery/09.mp4]
[kamuinet.com/ENG/gallery/11.png]
[kamuinet.com/ENG/gallery/12.png]
[kamuinet.com/ENG/gallery/10.mp4]
[kamuinet.com/ENG/gallery/13.png]
[kamuinet.com/ENG/gallery/12.mp4]
[kamuinet.com/ENG/gallery/14.png]
[kamuinet.com/ENG/gallery/14.mp4]
[kamuinet.com/ENG/gallery/15.png]
[kamuinet.com/ENG/gallery/04.mp4]
[kamuinet.com/ENG/gallery/16.png]
[kamuinet.com/ENG/gallery/13.mp4]
[kamuinet.com/ENG/gallery/17.png]
[kamuinet.com/ENG/gallery/11.mp4]
[kamuinet.com/ENG/gallery/18.png]
[kamuinet.com/ENG/gallery/19.png]
[kamuinet.com/ENG/gallery/20.png]
[kamuinet.com/ENG/gallery/17.mp4]
[kamuinet.com/ENG/gallery/21.png]
[kamuinet.com/ENG/gallery/18.mp4]
[kamuinet.com/ENG/gallery/22.png]
[kamuinet.com/ENG/gallery/23.png]
[kamuinet.com/ENG/gallery/24.png]
[kamuinet.com/ENG/gallery/23.mp4]
[kamuinet.com/ENG/gallery/25.png]
[kamuinet.com/ENG/gallery/21.mp4]
[kamuinet.com/ENG/gallery/26.png]
[kamuinet.com/ENG/gallery/27.png]
[kamuinet.com/ENG/gallery/28.png]
[kamuinet.com/ENG/gallery/26.mp4]
[kamuinet.com/ENG/gallery/29.png]
[kamuinet.com/ENG/gallery/30.png]
[kamuinet.com/ENG/gallery/29.mp4]
[kamuinet.com/ENG/gallery/31.png]
[kamuinet.com/ENG/gallery/30.mp4]
[kamuinet.com/ENG/gallery/32.png]
[kamuinet.com/ENG/gallery/33.png]
[kamuinet.com/ENG/gallery/32.mp4]
[kamuinet.com/ENG/gallery/34.png]
[kamuinet.com/ENG/gallery/31.mp4]
[kamuinet.com/ENG/gallery/35.png]
[kamuinet.com/ENG/gallery/36.png]
[kamuinet.com/ENG/html/videos.html]
[kamuinet.com/ENG/gallery/28.mp4]
[kamuinet.com/ENG/gallery/15.mp4]
[kamuinet.com/ENG/gallery/16.mp4]
[kamuinet.com/ENG/gallery/07.mp4]
[kamuinet.com/ENG/gallery/20.mp4]
[kamuinet.com/ENG/gallery/33.mp4]
[kamuinet.com/ENG/gallery/36.mp4]
[kamuinet.com/ENG/gallery/34.mp4]
[kamuinet.com/ENG/gallery/22.mp4]
[kamuinet.com/ENG/gallery/25.mp4]
[kamuinet.com/ENG/gallery/35.mp4]
[kamuinet.com/ENG/gallery/05.mp4]
